// Jest Snapshot v1, https://goo.gl/fbAQLP

exports[`Pruebas en <LoginComponent /> Debe de mostrarse correctamente 1`] = `
<div
  className="container my-5"
>
  <h1>
    Login Screen
  </h1>
  <hr />
  <button
    className="btn btn-primary"
    onClick={[Function]}
  >
    Login
  </button>
</div>
`;
